#-----------------------------------------------------------
# Vivado v2020.1 (64-bit)
# SW Build 2902540 on Wed May 27 19:54:49 MDT 2020
# IP Build 2902112 on Wed May 27 22:43:36 MDT 2020
# Start of session at: Sat Apr 10 18:33:41 2021
# Process ID: 39072
# Current directory: C:/Users/reyam/Desktop/ECE350Project/ECE350_Final_Project/350_FinalProject_Animation
# Command line: vivado.exe -gui_launcher_event rodinguilauncherevent18592 C:\Users\reyam\Desktop\ECE350Project\ECE350_Final_Project\350_FinalProject_Animation\350_FinalProject_Animation.xpr
# Log file: C:/Users/reyam/Desktop/ECE350Project/ECE350_Final_Project/350_FinalProject_Animation/vivado.log
# Journal file: C:/Users/reyam/Desktop/ECE350Project/ECE350_Final_Project/350_FinalProject_Animation\vivado.jou
#-----------------------------------------------------------
start_gui
open_project C:/Users/reyam/Desktop/ECE350Project/ECE350_Final_Project/350_FinalProject_Animation/350_FinalProject_Animation.xpr
update_compile_order -fileset sources_1
reset_run synth_1
launch_runs impl_1 -to_step write_bitstream -jobs 4
wait_on_run impl_1
open_hw_manager
connect_hw_server -allow_non_jtag
open_hw_target
set_property PROGRAM.FILE {C:/Users/reyam/Desktop/ECE350Project/ECE350_Final_Project/350_FinalProject_Animation/350_FinalProject_Animation.runs/impl_1/VGAController.bit} [get_hw_devices xc7a100t_0]
current_hw_device [get_hw_devices xc7a100t_0]
refresh_hw_device -update_hw_probes false [lindex [get_hw_devices xc7a100t_0] 0]
set_property PROBES.FILE {} [get_hw_devices xc7a100t_0]
set_property FULL_PROBES.FILE {} [get_hw_devices xc7a100t_0]
set_property PROGRAM.FILE {C:/Users/reyam/Desktop/ECE350Project/ECE350_Final_Project/350_FinalProject_Animation/350_FinalProject_Animation.runs/impl_1/VGAController.bit} [get_hw_devices xc7a100t_0]
program_hw_devices [get_hw_devices xc7a100t_0]
refresh_hw_device [lindex [get_hw_devices xc7a100t_0] 0]
